// Jest Snapshot v1, https://goo.gl/fbAQLP

exports[`When I create the ZBadge component should match snapshot 1`] = `<span class="z-badge black with-text">Content</span>`;
