// Jest Snapshot v1, https://goo.gl/fbAQLP

exports[`When I create the ZCheckbox component should match snapshot 1`] = `<label class="z-checkbox"><span><input type="checkbox"> <svg width="12" height="12" viewBox="0 0 12 12" fill="none" xmlns="http://www.w3.org/2000/svg" class="" style="display: none;"><mask id="mask0" mask-type="alpha" maskUnits="userSpaceOnUse" x="0" y="0" width="12" height="12"><path d="M9 0H3C1.34315 0 0 1.34315 0 3V9C0 10.6569 1.34315 12 3 12H9C10.6569 12 12 10.6569 12 9V3C12 1.34315 10.6569 0 9 0Z" fill="white"></path></mask> <g mask="url(%23mask0)"><path d="M9 0H3C1.34315 0 0 1.34315 0 3V9C0 10.6569 1.34315 12 3 12H9C10.6569 12 12 10.6569 12 9V3C12 1.34315 10.6569 0 9 0Z" fill="black"></path> <path d="M3.53906 4.79101L6.68945 7.88867L15.1213 -0.543182" stroke="white" stroke-width="1.5"></path></g></svg> <svg width="12" height="12" viewBox="0 0 12 12" fill="none" xmlns="http://www.w3.org/2000/svg" class=""><path d="M8.5 0.5H3.5C1.84315 0.5 0.5 1.84315 0.5 3.5V8.5C0.5 10.1569 1.84315 11.5 3.5 11.5H8.5C10.1569 11.5 11.5 10.1569 11.5 8.5V3.5C11.5 1.84315 10.1569 0.5 8.5 0.5Z" fill="" stroke="#999"></path></svg></span></label>`;
