// Jest Snapshot v1, https://goo.gl/fbAQLP

exports[`When I create the ZCode component should match snapshot 1`] = `<div class="z-code with-dolar" style="width: auto;">Content</div>`;
