// Jest Snapshot v1, https://goo.gl/fbAQLP

exports[`When I create the ZCollapse component should match snapshot 1`] = `
<div class="z-collapse" style="max-width: 600px;">
  <div class="collapse">
    <h3 role="button" tabindex="0"><span>Question A</span> <span><svg width="15" height="15" fill="none" aria-label="open" viewBox="0 0 15 15"><line x1="7.5" y1="2.18557e-08" x2="7.5" y2="15" stroke="#000"></line> <line x1="15" y1="7.5" x2="-4.37114e-08" y2="7.5" stroke="#000"></line></svg> <svg width="15" height="15" fill="none" aria-label="close" viewBox="0 0 15 15" style="display: none;"><line x1="15" y1="7.5" x2="-4.37114e-08" y2="7.5" stroke="#000"></line></svg></span></h3>
    <div class="collapse-content" style="height: 0px;">
      <div>
        <p>Lorem ipsum dolor sit amet</p>
      </div>
    </div>
  </div>
  <div class="collapse">
    <h3 role="button" tabindex="1"><span>Question B</span> <span><svg width="15" height="15" fill="none" aria-label="open" viewBox="0 0 15 15"><line x1="7.5" y1="2.18557e-08" x2="7.5" y2="15" stroke="#000"></line> <line x1="15" y1="7.5" x2="-4.37114e-08" y2="7.5" stroke="#000"></line></svg> <svg width="15" height="15" fill="none" aria-label="close" viewBox="0 0 15 15" style="display: none;"><line x1="15" y1="7.5" x2="-4.37114e-08" y2="7.5" stroke="#000"></line></svg></span></h3>
    <div class="collapse-content" style="height: 0px;">
      <div>
        <p>Duis aute irure dolor in reprehenderit</p>
      </div>
    </div>
  </div>
</div>
`;
