// Jest Snapshot v1, https://goo.gl/fbAQLP

exports[`When I create the ZNote component should match snapshot 1`] = `
<div class="z-note hint"><b>hint:</b>
  Content
  <div>ZNote</div>
</div>
`;
