// Jest Snapshot v1, https://goo.gl/fbAQLP

exports[`When I create the ZScroller component should match snapshot 1`] = `
<div class="z-scroller" style="width: auto;">
  <div class="inner">ZScroller</div>
</div>
`;
