// Jest Snapshot v1, https://goo.gl/fbAQLP

exports[`When I create the ZShowMoreToggle component should match snapshot 1`] = `
<div class="z-show-more-toggle">
  <div class="line"></div> <button class="show-more-toggle">Show Less
    <svg width="13px" height="6px" viewBox="0 0 19 10" version="1.1" xmlns:xlink="http://www.w3.org/1999/xlink">
      <g transform="translate(9.000000, 5.000000) rotate(-90.000000) translate(-9.000000, -5.000000) translate(4.000000, -4.000000)" stroke="#000" stroke-width="1.5" fill="none" fill-rule="evenodd">
        <path d="M9.5 18L.729 9.253"></path>
        <path d="M9.5.5L.698 9.27"></path>
      </g>
    </svg></button>
  <div class="line"></div>
</div>
`;
